Microchip MPLAB XC8 Compiler V3.00

Linker command line:

-W-3 \
  --edf=C:\Program Files\Microchip\xc8\v3.00\pic\dat\20241204225717_en.msgs \
  -cn -h+dist/default/production\Internship_project.X.production.sym \
  --cmf=dist/default/production\Internship_project.X.production.cmf -z \
  -Q16F877A -oC:\Users\Admin\AppData\Local\Temp\xcAs1nl8.\driver_tmp_3.o \
  --defsym=__MPLAB_BUILD=1 --fixupoverflow=error \
  -Mdist/default/production/Internship_project.X.production.map \
  --md=C:\Users\Admin\AppData\Local\Temp\xcAs1nl8.\driver_tmp_0.dat -E1 \
  -ver=XC8 Compiler -ACODE=00h-07FFhx4 -ASTRCODE=00h-01FFFh \
  -ASTRING=00h-0FFhx32 -ACONST=00h-0FFhx32 -AENTRY=00h-0FFhx32 \
  -ACOMMON=070h-07Fh -ABANK0=020h-06Fh -ABANK1=0A0h-0EFh \
  -ABANK2=0110h-016Fh -ABANK3=0190h-01EFh \
  -ARAM=020h-06Fh,0A0h-0EFh,0110h-016Fh,0190h-01EFh \
  -AABS1=020h-07Fh,0A0h-0EFh,0110h-016Fh,0190h-01EFh -ASFR0=00h-01Fh \
  -ASFR1=080h-09Fh -ASFR2=0100h-010Fh -ASFR3=0180h-018Fh \
  -ACONFIG=02007h-02007h -DCONFIG=2 -AIDLOC=02000h-02003h -DIDLOC=2 \
  -AEEDATA=00h-0FFh/02100h -peeprom_data=EEDATA -DEEDATA=2 -DCODE=2 \
  -DSTRCODE=2 -DSTRING=2 -DCONST=2 -DENTRY=2 \
  -preset_vec=00h,intentry=04h,sivt,init,end_init -ppowerup=CODE \
  -pcinit=CODE -pfunctab=ENTRY -k \
  C:\Users\Admin\AppData\Local\Temp\xcAs1nl8.\driver_tmp_12.o \
  dist/default/production\Internship_project.X.production.o 

Object code version is 3.11

Machine type is 16F877A



                Name                               Link     Load   Length Selector   Space Scale
C:\Users\Admin\AppData\Local\Temp\xcAs1nl8.\driver_tmp_12.o
                end_init                              C        C        3        8       0
                reset_vec                             0        0        3        0       0
                config                             2007     2007        1        0       4
dist/default/production\Internship_project.X.production.o
                cinit                                 F        F       3C        8       0
                intentry                              4        4        8        8       0
                config                             2007     2007        1        0       4
                text27                             1565     1565       4D     2ACA       0
                text26                             14A7     14A7       20     294E       0
                text25                             15B2     15B2       57     2B64       0
                text24                             1449     1449        B     2892       0
                text23                              7F9      7F9        6        8       0
                text22                             1440     1440        9     2880       0
                text21                             148D     148D       1A     291A       0
                text20                             1532     1532       33     2A64       0
                text19                             1478     1478       15     28F0       0
                text18                             1791     1791       6F     2F22       0
                text17                             1723     1723       6E     2E46       0
                text16                             16BE     16BE       65     2D7C       0
                text15                             1609     1609       57     2C12       0
                text14                              8A7      8A7       A4     114E       0
                text13                              808      808       29     1010       0
                text12                              401      401      342        8       0
                text11                              DA8      DA8      258     1B50       0
                text10                             14E9     14E9       24     29D2       0
                text9                               831      831       76     1062       0
                text8                              150D     150D       25     2A1A       0
                text7                               743      743       B6        8       0
                text6                              1454     1454       11     28A8       0
                text5                              1660     1660       5E     2CC0       0
                text4                                4B       4B      3B6        8       0
                text3                               C3C      C3C      16C     1878       0
                text2                               9F4      9F4      115     13E8       0
                text1                               94B      94B       A9     1296       0
                maintext                            B09      B09      133     1612       0
                cstackBANK0                          20       20       3F       20       1
                cstackCOMMON                         70       70        9       70       1
                cstackBANK1                          C6       C6        4       A0       1
                inittext                           1465     1465       13     28CA       0
                dataBANK1                            A0       A0       22       A0       1
                bssBANK1                             C2       C2        4       A0       1
                dataBANK0                            6C       6C        4       20       1
                bssBANK0                             5F       5F        D       20       1
                dataCOMMON                           7B       7B        1       70       1
                bssCOMMON                            79       79        2       70       1
                stringtext                         1000     1000      19A       20       0
                strings                            119A     119A       12     2334       0
                idataBANK1                         14C7     14C7       22     298E       0
                idataBANK0                          804      804        4     1008       0
                idataCOMMON                         7FF      7FF        1        8       0

TOTAL           Name                               Link     Load   Length     Space
        CLASS   CODE           
                end_init                              C        C        3         0
                cinit                                 F        F       3C         0
                intentry                              4        4        8         0
                reset_vec                             0        0        3         0
                text27                             1565     1565       4D         0
                text26                             14A7     14A7       20         0
                text25                             15B2     15B2       57         0
                text24                             1449     1449        B         0
                text23                              7F9      7F9        6         0
                text22                             1440     1440        9         0
                text21                             148D     148D       1A         0
                text20                             1532     1532       33         0
                text19                             1478     1478       15         0
                text18                             1791     1791       6F         0
                text17                             1723     1723       6E         0
                text16                             16BE     16BE       65         0
                text15                             1609     1609       57         0
                text14                              8A7      8A7       A4         0
                text13                              808      808       29         0
                text12                              401      401      342         0
                text11                              DA8      DA8      258         0
                text10                             14E9     14E9       24         0
                text9                               831      831       76         0
                text8                              150D     150D       25         0
                text7                               743      743       B6         0
                text6                              1454     1454       11         0
                text5                              1660     1660       5E         0
                text4                                4B       4B      3B6         0
                text3                               C3C      C3C      16C         0
                text2                               9F4      9F4      115         0
                text1                               94B      94B       A9         0
                maintext                            B09      B09      133         0
                inittext                           1465     1465       13         0
                idataBANK1                         14C7     14C7       22         0
                idataBANK0                          804      804        4         0
                idataCOMMON                         7FF      7FF        1         0

        CLASS   STRCODE        
                stringtext                         1000     1000      19A         0

        CLASS   STRING         
                strings                            119A     119A       12         0

        CLASS   CONST          

        CLASS   ENTRY          

        CLASS   COMMON         
                cstackCOMMON                         70       70        9         1
                dataCOMMON                           7B       7B        1         1
                bssCOMMON                            79       79        2         1

        CLASS   BANK0          
                cstackBANK0                          20       20       3F         1
                dataBANK0                            6C       6C        4         1
                bssBANK0                             5F       5F        D         1

        CLASS   BANK1          
                cstackBANK1                          C6       C6        4         1
                dataBANK1                            A0       A0       22         1
                bssBANK1                             C2       C2        4         1

        CLASS   BANK2          

        CLASS   BANK3          

        CLASS   RAM            

        CLASS   ABS1           
                abs_s1                               7E       7E        2         1

        CLASS   SFR0           

        CLASS   SFR1           

        CLASS   SFR2           

        CLASS   SFR3           

        CLASS   CONFIG         
                config                             2007     2007        1         4

        CLASS   IDLOC          

        CLASS   EEDATA         

        CLASS   HEAP           

        CLASS   STACK          



SEGMENTS        Name                           Load    Length   Top    Selector   Space  Class     Delta

                reset_vec                      000000  000003  000003         0       0  CODE        2
                intentry                       000004  0007FC  000800         8       0  CODE        2
                cstackBANK0                    000020  000050  000070        20       1  BANK0       1
                cstackCOMMON                   000070  00000C  00007C        70       1  COMMON      1
                dataBANK1                      0000A0  00002A  0000CA        A0       1  BANK1       1
                idataBANK0                     000804  000004  000808      1008       0  CODE        2
                text13                         000808  000029  000831      1010       0  CODE        2
                text9                          000831  000076  0008A7      1062       0  CODE        2
                text14                         0008A7  0000A4  00094B      114E       0  CODE        2
                text1                          00094B  0000A9  0009F4      1296       0  CODE        2
                text2                          0009F4  000115  000B09      13E8       0  CODE        2
                maintext                       000B09  000133  000C3C      1612       0  CODE        2
                text3                          000C3C  00016C  000DA8      1878       0  CODE        2
                text11                         000DA8  000258  001000      1B50       0  CODE        2
                stringtext                     001000  00019A  00119A        20       0  STRCODE     2
                strings                        00119A  000012  0011AC      2334       0  STRING      2
                text22                         001440  000009  001449      2880       0  CODE        2
                text24                         001449  00000B  001454      2892       0  CODE        2
                text6                          001454  000011  001465      28A8       0  CODE        2
                inittext                       001465  000013  001478      28CA       0  CODE        2
                text19                         001478  000015  00148D      28F0       0  CODE        2
                text21                         00148D  00001A  0014A7      291A       0  CODE        2
                text26                         0014A7  000020  0014C7      294E       0  CODE        2
                idataBANK1                     0014C7  000022  0014E9      298E       0  CODE        2
                text10                         0014E9  000024  00150D      29D2       0  CODE        2
                text8                          00150D  000025  001532      2A1A       0  CODE        2
                text20                         001532  000033  001565      2A64       0  CODE        2
                text27                         001565  00004D  0015B2      2ACA       0  CODE        2
                text25                         0015B2  000057  001609      2B64       0  CODE        2
                text15                         001609  000057  001660      2C12       0  CODE        2
                text5                          001660  00005E  0016BE      2CC0       0  CODE        2
                text16                         0016BE  000065  001723      2D7C       0  CODE        2
                text17                         001723  00006E  001791      2E46       0  CODE        2
                text18                         001791  00006F  001800      2F22       0  CODE        2


UNUSED ADDRESS RANGES

        Name                Unused          Largest block    Delta
        BANK1            00CA-00EF             26           1
        BANK2            0110-016F             60           1
        BANK3            0190-01EF             60           1
        CODE             0003-0003              1           2
                         0800-0803              4
                         11AC-143F            294
                         1800-1FFF            800
        COMMON           007C-007D              2           1
        CONST            0003-0003              1           2
                         0800-0803              4
                         11AC-143F            100
                         1800-1FFF            100
        EEDATA           2100-21FF            100           2
        ENTRY            0003-0003              1           2
                         0800-0803              4
                         11AC-143F            100
                         1800-1FFF            100
        IDLOC            2000-2003              4           2
        RAM              00CA-00EF             26           1
                         0110-016F             60
                         0190-01EF             60
        SFR0             0000-001F             20           1
        SFR1             0080-009F             20           1
        SFR2             0100-010F             10           1
        SFR3             0180-018F             10           1
        STRCODE          0003-0003              1           2
                         0800-0803              4
                         11AC-143F            294
                         1800-1FFF            800
        STRING           0003-0003              1           2
                         0800-0803              4
                         11AC-143F            100
                         1800-1FFF            100

                                  Symbol Table

?__Umul8_16                      cstackCOMMON 0072
?___awdiv                        cstackCOMMON 0072
?___awmod                        cstackCOMMON 0072
?___fladd                        cstackBANK0  0020
?___flmul                        cstackBANK0  002A
?___flsub                        cstackBANK0  0044
?___fltol                        cstackBANK0  0044
?___wmul                         cstackCOMMON 0072
?___xxtofl                       cstackCOMMON 0072
_GIE                             (abs)        005F
_PEIE                            (abs)        005E
_PORTB                           (abs)        0006
_PORTD                           (abs)        0008
_PR2                             (abs)        0092
_RB0                             (abs)        0030
_RC1                             (abs)        0039
_RC2                             (abs)        003A
_RE1                             (abs)        0049
_RE2                             (abs)        004A
_TMR2IE                          (abs)        0461
_TMR2IF                          (abs)        0061
_TMR2ON                          (abs)        0092
_TRISB                           (abs)        0086
_TRISC1                          (abs)        0439
_TRISC2                          (abs)        043A
_TRISD                           (abs)        0088
_TRISE1                          (abs)        0449
_TRISE2                          (abs)        044A
__H__absolute__                  __absolute__ 0000
__Habs1                          abs1         0000
__Hbank0                         bank0        0000
__Hbank1                         bank1        0000
__Hbank2                         bank2        0000
__Hbank3                         bank3        0000
__HbssBANK0                      bssBANK0     0000
__HbssBANK1                      bssBANK1     0000
__HbssCOMMON                     bssCOMMON    0000
__Hcinit                         cinit        004B
__Hclrtext                       clrtext      0000
__Hcode                          code         0000
__Hcommon                        common       0000
__Hconfig                        config       2008
__HcstackBANK0                   cstackBANK0  0000
__HcstackBANK1                   cstackBANK1  0000
__HcstackCOMMON                  cstackCOMMON 0000
__HdataBANK0                     dataBANK0    0000
__HdataBANK1                     dataBANK1    0000
__HdataCOMMON                    dataCOMMON   0000
__Heeprom_data                   eeprom_data  0000
__Hend_init                      end_init     000F
__Hfunctab                       functab      0000
__Hheap                          heap         0000
__HidataBANK0                    idataBANK0   0000
__HidataBANK1                    idataBANK1   0000
__HidataCOMMON                   idataCOMMON  0000
__Hinit                          init         000C
__Hinittext                      inittext     0000
__Hintentry                      intentry     000C
__Hmaintext                      maintext     0000
__Hpowerup                       powerup      0000
__Hram                           ram          0000
__Hreset_vec                     reset_vec    0003
__Hsfr0                          sfr0         0000
__Hsfr1                          sfr1         0000
__Hsfr2                          sfr2         0000
__Hsfr3                          sfr3         0000
__Hsivt                          sivt         000C
__Hspace_0                       (abs)        1800
__Hspace_1                       (abs)        00CA
__Hspace_2                       (abs)        0000
__Hspace_3                       (abs)        0000
__Hspace_4                       (abs)        400F
__Hstack                         stack        0000
__Hstrings                       strings      0000
__Hstringtext                    stringtext   0000
__Htext                          text         0000
__L__absolute__                  __absolute__ 0000
__Labs1                          abs1         0000
__Lbank0                         bank0        0000
__Lbank1                         bank1        0000
__Lbank2                         bank2        0000
__Lbank3                         bank3        0000
__LbssBANK0                      bssBANK0     0000
__LbssBANK1                      bssBANK1     0000
__LbssCOMMON                     bssCOMMON    0000
__Lcinit                         cinit        000F
__Lclrtext                       clrtext      0000
__Lcode                          code         0000
__Lcommon                        common       0000
__Lconfig                        config       0000
__LcstackBANK0                   cstackBANK0  0000
__LcstackBANK1                   cstackBANK1  0000
__LcstackCOMMON                  cstackCOMMON 0000
__LdataBANK0                     dataBANK0    0000
__LdataBANK1                     dataBANK1    0000
__LdataCOMMON                    dataCOMMON   0000
__Leeprom_data                   eeprom_data  0000
__Lend_init                      end_init     000C
__Lfunctab                       functab      0000
__Lheap                          heap         0000
__LidataBANK0                    idataBANK0   0000
__LidataBANK1                    idataBANK1   0000
__LidataCOMMON                   idataCOMMON  0000
__Linit                          init         000C
__Linittext                      inittext     0000
__Lintentry                      intentry     0004
__Lmaintext                      maintext     0000
__Lpowerup                       powerup      0000
__Lram                           ram          0000
__Lreset_vec                     reset_vec    0000
__Lsfr0                          sfr0         0000
__Lsfr1                          sfr1         0000
__Lsfr2                          sfr2         0000
__Lsfr3                          sfr3         0000
__Lsivt                          sivt         000C
__Lspace_0                       (abs)        0000
__Lspace_1                       (abs)        0000
__Lspace_2                       (abs)        0000
__Lspace_3                       (abs)        0000
__Lspace_4                       (abs)        0000
__Lstack                         stack        0000
__Lstrings                       strings      0000
__Lstringtext                    stringtext   0000
__Ltext                          text         0000
__S0                             (abs)        1800
__S1                             (abs)        00CA
__S3                             (abs)        0000
__Umul8_16                       text13       0808
__Umul8_16@multiplicand          cstackCOMMON 0072
__Umul8_16@multiplier            cstackBANK0  0024
__Umul8_16@product               cstackBANK0  0020
__Umul8_16@word_mpld             cstackBANK0  0022
___awdiv                         text16       16BE
___awdiv@counter                 cstackBANK0  0020
___awdiv@dividend                cstackCOMMON 0074
___awdiv@divisor                 cstackCOMMON 0072
___awdiv@quotient                cstackBANK0  0022
___awdiv@sign                    cstackBANK0  0021
___awmod                         text15       1609
___awmod@counter                 cstackCOMMON 0076
___awmod@dividend                cstackCOMMON 0074
___awmod@divisor                 cstackCOMMON 0072
___awmod@sign                    cstackCOMMON 0077
___fladd                         text11       0DA8
___fladd@a                       cstackBANK0  0024
___fladd@aexp                    cstackCOMMON 0073
___fladd@b                       cstackBANK0  0020
___fladd@bexp                    cstackCOMMON 0074
___fladd@grs                     cstackCOMMON 0075
___fladd@signs                   cstackCOMMON 0072
___flge                          text14       08A7
___flge@ff1                      cstackBANK0  004C
___flge@ff2                      cstackBANK0  0050
___flmul                         text12       0401
___flmul@a                       cstackBANK0  002E
___flmul@aexp                    cstackBANK0  0038
___flmul@b                       cstackBANK0  002A
___flmul@bexp                    cstackBANK0  003D
___flmul@grs                     cstackBANK0  0039
___flmul@prod                    cstackBANK0  003E
___flmul@sign                    cstackBANK0  0037
___flmul@temp                    cstackBANK0  0042
___flsub                         text10       14E9
___flsub@a                       cstackBANK0  0044
___flsub@b                       cstackBANK0  0048
___fltol                         text9        0831
___fltol@exp1                    cstackCOMMON 0077
___fltol@f1                      cstackBANK0  0044
___fltol@sign1                   cstackCOMMON 0076
___heap_hi                       (abs)        0000
___heap_lo                       (abs)        0000
___int_sp                        stack        0000
___int_stack_hi                  stack        0000
___int_stack_lo                  stack        0000
___latbits                       (abs)        0002
___sp                            stack        0000
___stack_hi                      stack        0000
___stack_lo                      stack        0000
___stackhi                       (abs)        0000
___stacklo                       (abs)        0000
___wmul                          text8        150D
___wmul@multiplicand             cstackCOMMON 0074
___wmul@multiplier               cstackCOMMON 0072
___wmul@product                  cstackCOMMON 0076
___xxtofl                        text7        0743
___xxtofl@arg                    cstackBANK0  0026
___xxtofl@exp                    cstackBANK0  0025
___xxtofl@sign                   cstackBANK0  0024
___xxtofl@val                    cstackCOMMON 0072
__end_of__Umul8_16               text13       0831
__end_of___awdiv                 text16       1723
__end_of___awmod                 text15       1660
__end_of___fladd                 text11       1000
__end_of___flge                  text14       094B
__end_of___flmul                 text12       0743
__end_of___flsub                 text10       150D
__end_of___fltol                 text9        08A7
__end_of___wmul                  text8        1532
__end_of___xxtofl                text7        07F9
__end_of__initialization         cinit        0047
__end_of__stringtab              strings      11AC
__end_of_clcd_print              text20       1565
__end_of_clcd_putch              text19       148D
__end_of_clcd_write              text26       14C7
__end_of_clear_screen            text6        1465
__end_of_door_status_check       text5        16BE
__end_of_init_clcd               text24       1454
__end_of_init_config             text21       14A7
__end_of_init_digital_keypad     text23       07FF
__end_of_init_display_controller text25       1609
__end_of_init_timer2             text22       1449
__end_of_isr                     text27       15B2
__end_of_main                    maintext     0C3C
__end_of_power_on_screen         text18       1800
__end_of_read_digital_keypad     text17       1791
__end_of_run_program             text4        0401
__end_of_set_time                text3        0DA8
__end_of_washing_program_display text2        0B09
__end_of_water_level_screen      text1        09F4
__initialization                 cinit        000F
__pbssBANK0                      bssBANK0     005F
__pbssBANK1                      bssBANK1     00C2
__pbssCOMMON                     bssCOMMON    0079
__pcstackBANK0                   cstackBANK0  0020
__pcstackBANK1                   cstackBANK1  00C6
__pcstackCOMMON                  cstackCOMMON 0070
__pdataBANK0                     dataBANK0    006C
__pdataBANK1                     dataBANK1    00A0
__pdataCOMMON                    dataCOMMON   007B
__pidataBANK0                    idataBANK0   0804
__pidataBANK1                    idataBANK1   14C7
__pidataCOMMON                   idataCOMMON  07FF
__pintentry                      intentry     0004
__pmaintext                      maintext     0B09
__pstrings                       strings      119A
__pstringtext                    stringtext   1000
__ptext1                         text1        094B
__ptext10                        text10       14E9
__ptext11                        text11       0DA8
__ptext12                        text12       0401
__ptext13                        text13       0808
__ptext14                        text14       08A7
__ptext15                        text15       1609
__ptext16                        text16       16BE
__ptext17                        text17       1723
__ptext18                        text18       1791
__ptext19                        text19       1478
__ptext2                         text2        09F4
__ptext20                        text20       1532
__ptext21                        text21       148D
__ptext22                        text22       1440
__ptext23                        text23       07F9
__ptext24                        text24       1449
__ptext25                        text25       15B2
__ptext26                        text26       14A7
__ptext27                        text27       1565
__ptext3                         text3        0C3C
__ptext4                         text4        004B
__ptext5                         text5        1660
__ptext6                         text6        1454
__ptext7                         text7        0743
__ptext8                         text8        150D
__ptext9                         text9        0831
__stringbase                     strings      11AC
__stringtab                      strings      119A
_clcd_print                      text20       1532
_clcd_putch                      text19       1478
_clcd_write                      text26       14A7
_clear_screen                    text6        1454
_door_status_check               text5        1660
_init_clcd                       text24       1449
_init_config                     text21       148D
_init_digital_keypad             text23       07F9
_init_display_controller         text25       15B2
_init_timer2                     text22       1440
_isr                             text27       1565
_level                           bssCOMMON    0079
_main                            maintext     0B09
_min                             bssBANK0     0069
_operational_mode                dataBANK0    006F
_power_on_screen                 text18       1791
_program_no                      bssCOMMON    007A
_read_digital_keypad             text17       1723
_reset_flag                      dataBANK0    006E
_rinse_time                      bssBANK0     0063
_run_program                     text4        004B
_sec                             bssBANK0     006A
_set_time                        text3        0C3C
_spin_time                       bssBANK0     0061
_time                            bssBANK0     005F
_total_time                      bssBANK0     0067
_wash_time                       bssBANK0     0065
_washing_program                 dataBANK1    00A0
_washing_program_display         text2        09F4
_water_level                     dataBANK1    00B8
_water_level_screen              text1        094B
btemp                            (abs)        007E
clcd_print@addr                  cstackBANK0  0022
clcd_print@str                   cstackBANK0  0020
clcd_putch@addr                  cstackCOMMON 0078
clcd_putch@data                  cstackBANK0  0024
clcd_write@byte                  cstackCOMMON 0075
clcd_write@mode                  cstackCOMMON 0072
end_of_initialization            cinit        0047
init_fetch0                      inittext     1465
init_ram0                        inittext     1469
interrupt_function               intentry     0004
intlevel0                        functab      0000
intlevel1                        functab      0000
intlevel2                        functab      0000
intlevel3                        functab      0000
intlevel4                        functab      0000
intlevel5                        functab      0000
isr@count                        bssBANK1     00C2
main@key                         cstackBANK1  00C9
power_on_screen@i                cstackBANK0  0028
power_on_screen@i_186            cstackBANK0  0029
read_digital_keypad@key          cstackCOMMON 0072
read_digital_keypad@longpressed  dataBANK0    006C
read_digital_keypad@once         dataCOMMON   007B
read_digital_keypad@pre_key      bssBANK0     006B
reset_vec                        reset_vec    0000
run_program@key                  cstackBANK0  005E
saved_w                          (abs)        007E
start                            init         000C
start_initialization             cinit        000F
washing_program_display@key      cstackBANK0  0028
water_level_screen@key           cstackBANK0  0028
wtemp0                           (abs)        007E


MODULE INFORMATION

Module		Function		Class		Link	Load	Size
C:\Program Files\Microchip\xc8\v3.00\pic\sources\c99\common\flge.c
		___flge        		CODE           	08A7	0000	164

C:\Program Files\Microchip\xc8\v3.00\pic\sources\c99\common\flge.c estimated size: 164

../../../../Downloads/Project/Emertxe project/Washing_Machine.X/washiing_machine_function_def.c
		_door_status_check		CODE           	1660	0000	94
		_washing_program_display		CODE           	09F4	0000	277
		_water_level_screen		CODE           	094B	0000	169
		_run_program   		CODE           	004B	0000	950
		_clear_screen  		CODE           	1454	0000	17
		_power_on_screen		CODE           	1791	0000	111
		_set_time      		CODE           	0C3C	0000	364

../../../../Downloads/Project/Emertxe project/Washing_Machine.X/washiing_machine_function_def.c estimated size: 1982

../../Internship Project/Emertxe project/Washing_Machine.X/main.c
		_main          		CODE           	0B09	0000	307
		_init_config   		CODE           	148D	0000	26

../../Internship Project/Emertxe project/Washing_Machine.X/main.c estimated size: 333

../../Internship Project/Emertxe project/Washing_Machine.X/timers.c
		_init_timer2   		CODE           	1440	0000	9

../../Internship Project/Emertxe project/Washing_Machine.X/timers.c estimated size: 9

C:\Program Files\Microchip\xc8\v3.00\pic\sources\c99\common\Umul16.c
		___wmul        		CODE           	150D	0000	37

C:\Program Files\Microchip\xc8\v3.00\pic\sources\c99\common\Umul16.c estimated size: 37

C:\Program Files\Microchip\xc8\v3.00\pic\sources\c99\common\awmod.c
		___awmod       		CODE           	1609	0000	87

C:\Program Files\Microchip\xc8\v3.00\pic\sources\c99\common\awmod.c estimated size: 87

C:\Program Files\Microchip\xc8\v3.00\pic\sources\c99\common\sprcmul.c
		___flmul       		CODE           	0401	0000	834

C:\Program Files\Microchip\xc8\v3.00\pic\sources\c99\common\sprcmul.c estimated size: 834

shared
		__stringtab    		STRING         	119A	0000	18
		__initialization		CODE           	000F	0000	56

shared estimated size: 74

C:\Program Files\Microchip\xc8\v3.00\pic\sources\c99\common\xxtofl.c
		___xxtofl      		CODE           	0743	0000	182

C:\Program Files\Microchip\xc8\v3.00\pic\sources\c99\common\xxtofl.c estimated size: 182

../../Internship Project/Emertxe project/Washing_Machine.X/clcd.c
		_clcd_write    		CODE           	14A7	0000	32
		_clcd_print    		CODE           	1532	0000	51
		_clcd_putch    		CODE           	1478	0000	21
		_init_display_controller		CODE           	15B2	0000	87
		_init_clcd     		CODE           	1449	0000	11

../../Internship Project/Emertxe project/Washing_Machine.X/clcd.c estimated size: 202

../../Internship Project/Emertxe project/Washing_Machine.X/isr.c
		_isr           		CODE           	1565	0000	77

../../Internship Project/Emertxe project/Washing_Machine.X/isr.c estimated size: 77

../../Internship Project/Emertxe project/Washing_Machine.X/digital_keypad.c
		_init_digital_keypad		CODE           	07F9	0000	6
		_read_digital_keypad		CODE           	1723	0000	110

../../Internship Project/Emertxe project/Washing_Machine.X/digital_keypad.c estimated size: 116

C:\Program Files\Microchip\xc8\v3.00\pic\sources\c99\common\awdiv.c
		___awdiv       		CODE           	16BE	0000	101

C:\Program Files\Microchip\xc8\v3.00\pic\sources\c99\common\awdiv.c estimated size: 101

C:\Program Files\Microchip\xc8\v3.00\pic\sources\c99\common\fltol.c
		___fltol       		CODE           	0831	0000	118

C:\Program Files\Microchip\xc8\v3.00\pic\sources\c99\common\fltol.c estimated size: 118

C:\Program Files\Microchip\xc8\v3.00\pic\sources\c99\common\sprcadd.c
		___flsub       		CODE           	14E9	0000	36
		___fladd       		CODE           	0DA8	0000	600

C:\Program Files\Microchip\xc8\v3.00\pic\sources\c99\common\sprcadd.c estimated size: 636

C:\Program Files\Microchip\xc8\v3.00\pic\sources\c99\common\Umul8_16.c
		__Umul8_16     		CODE           	0808	0000	41

C:\Program Files\Microchip\xc8\v3.00\pic\sources\c99\common\Umul8_16.c estimated size: 41

